[debug] [2026-10-07T11:58:49.729Z] Object "" in "firebase.json" has unknown property: {"additionalProperty":"flutter"}
[debug] [2026-10-07T11:58:49.724Z] Object "" in "firebase.json" has unknown property: {"additionalProperty":"flutter"}
[debug] [2026-10-07T11:58:49.743Z] Object "" in "firebase.json" has unknown property: {"additionalProperty":"flutter"}
[debug] [2026-10-07T11:58:49.748Z] Object "" in "firebase.json" has unknown property: {"additionalProperty":"flutter"}
[debug] [2026-10-07T11:58:49.749Z] > command requires scopes: ["email","openid","https://www.googleapis.com/auth/cloudplatformprojects.readonly","https://www.googleapis.com/auth/firebase","https://www.googleapis.com/auth/cloud-platform"]
[debug] [2026-10-07T11:58:49.750Z] > authorizing via signed-in user (ilkersevim2007@gmail.com)
[debug] [2026-10-07T11:58:49.750Z] Object "" in "firebase.json" has unknown property: {"additionalProperty":"flutter"}
[debug] [2026-10-07T11:58:49.786Z] > command requires scopes: ["email","openid","https://www.googleapis.com/auth/cloudplatformprojects.readonly","https://www.googleapis.com/auth/firebase","https://www.googleapis.com/auth/cloud-platform"]
[debug] [2026-10-07T11:58:49.787Z] > authorizing via signed-in user (ilkersevim2007@gmail.com)
[debug] [2026-10-07T11:58:49.788Z] Checked if tokens are valid: false, expires at: 1791374544307
[debug] [2026-10-07T11:58:49.789Z] Checked if tokens are valid: false, expires at: 1791374544307
[debug] [2026-10-07T11:58:49.789Z] > refreshing access token with scopes: []
[debug] [2026-10-07T11:58:49.791Z] >>> [apiv2][query] POST https://www.googleapis.com/oauth2/v3/token [none]
[debug] [2026-10-07T11:58:49.792Z] >>> [apiv2][body] POST https://www.googleapis.com/oauth2/v3/token [omitted]
[debug] [2026-10-07T11:58:49.743Z] Object "" in "firebase.json" has unknown property: {"additionalProperty":"flutter"}
[debug] [2026-10-07T11:58:49.748Z] Object "" in "firebase.json" has unknown property: {"additionalProperty":"flutter"}
[debug] [2026-10-07T11:58:49.749Z] > command requires scopes: ["email","openid","https://www.googleapis.com/auth/cloudplatformprojects.readonly","https://www.googleapis.com/auth/firebase","https://www.googleapis.com/auth/cloud-platform"]
[debug] [2026-10-07T11:58:49.750Z] > authorizing via signed-in user (ilkersevim2007@gmail.com)
[debug] [2026-10-07T11:58:49.750Z] Object "" in "firebase.json" has unknown property: {"additionalProperty":"flutter"}
[debug] [2026-10-07T11:58:49.787Z] > command requires scopes: ["email","openid","https://www.googleapis.com/auth/cloudplatformprojects.readonly","https://www.googleapis.com/auth/firebase","https://www.googleapis.com/auth/cloud-platform"]
[debug] [2026-10-07T11:58:49.787Z] > authorizing via signed-in user (ilkersevim2007@gmail.com)
[debug] [2026-10-07T11:58:49.789Z] Checked if tokens are valid: false, expires at: 1791374544307
[debug] [2026-10-07T11:58:49.789Z] Checked if tokens are valid: false, expires at: 1791374544307
[debug] [2026-10-07T11:58:49.790Z] > refreshing access token with scopes: []
[debug] [2026-10-07T11:58:49.792Z] >>> [apiv2][query] POST https://www.googleapis.com/oauth2/v3/token [none]
[debug] [2026-10-07T11:58:49.793Z] >>> [apiv2][body] POST https://www.googleapis.com/oauth2/v3/token [omitted]
[debug] [2026-10-07T11:58:50.774Z] Checked if tokens are valid: false, expires at: 1791374544307
[debug] [2026-10-07T11:58:50.777Z] Checked if tokens are valid: false, expires at: 1791374544307
[debug] [2026-10-07T11:58:50.777Z] > refreshing access token with scopes: []
[debug] [2026-10-07T11:58:50.779Z] >>> [apiv2][query] POST https://www.googleapis.com/oauth2/v3/token [none]
[debug] [2026-10-07T11:58:50.779Z] >>> [apiv2][body] POST https://www.googleapis.com/oauth2/v3/token [omitted]
[debug] [2026-10-07T11:58:50.784Z] Checked if tokens are valid: false, expires at: 1791374544307
[debug] [2026-10-07T11:58:50.785Z] Checked if tokens are valid: false, expires at: 1791374544307
[debug] [2026-10-07T11:58:50.785Z] > refreshing access token with scopes: []
[debug] [2026-10-07T11:58:50.787Z] >>> [apiv2][query] POST https://www.googleapis.com/oauth2/v3/token [none]
[debug] [2026-10-07T11:58:50.788Z] >>> [apiv2][body] POST https://www.googleapis.com/oauth2/v3/token [omitted]
[debug] [2026-10-07T11:58:50.796Z] <<< [apiv2][status] POST https://www.googleapis.com/oauth2/v3/token 200
[debug] [2026-10-07T11:58:50.793Z] <<< [apiv2][status] POST https://www.googleapis.com/oauth2/v3/token 200
[debug] [2026-10-07T11:58:50.794Z] <<< [apiv2][body] POST https://www.googleapis.com/oauth2/v3/token [omitted]
[debug] [2026-10-07T11:58:50.816Z] >>> [apiv2][query] GET https://cloudbilling.googleapis.com/v1/projects/flutter-crashlytics-110c5/billingInfo [none]
[debug] [2026-10-07T11:58:50.796Z] <<< [apiv2][body] POST https://www.googleapis.com/oauth2/v3/token [omitted]
[debug] [2026-10-07T11:58:50.819Z] >>> [apiv2][query] GET https://cloudbilling.googleapis.com/v1/projects/flutter-crashlytics-110c5/billingInfo [none]
[debug] [2026-10-07T11:58:50.861Z] <<< [apiv2][status] POST https://www.googleapis.com/oauth2/v3/token 200
[debug] [2026-10-07T11:58:50.872Z] <<< [apiv2][status] POST https://www.googleapis.com/oauth2/v3/token 200
[debug] [2026-10-07T11:58:50.861Z] <<< [apiv2][body] POST https://www.googleapis.com/oauth2/v3/token [omitted]
[debug] [2026-10-07T11:58:50.870Z] >>> [apiv2][query] GET https://serviceusage.googleapis.com/v1/projects//services/firebaseappdistribution.googleapis.com [none]
[debug] [2026-10-07T11:58:50.870Z] >>> [apiv2][(partial)header] GET https://serviceusage.googleapis.com/v1/projects//services/firebaseappdistribution.googleapis.com  x-goog-user-project=
[debug] [2026-10-07T11:58:50.872Z] <<< [apiv2][body] POST https://www.googleapis.com/oauth2/v3/token [omitted]
[debug] [2026-10-07T11:58:50.879Z] >>> [apiv2][query] GET https://serviceusage.googleapis.com/v1/projects//services/firebaseappdistribution.googleapis.com [none]
[debug] [2026-10-07T11:58:50.880Z] >>> [apiv2][(partial)header] GET https://serviceusage.googleapis.com/v1/projects//services/firebaseappdistribution.googleapis.com  x-goog-user-project=
[debug] [2026-10-07T11:58:51.160Z] <<< [apiv2][status] GET https://cloudbilling.googleapis.com/v1/projects/flutter-crashlytics-110c5/billingInfo 200
[debug] [2026-10-07T11:58:51.161Z] <<< [apiv2][body] GET https://cloudbilling.googleapis.com/v1/projects/flutter-crashlytics-110c5/billingInfo {"name":"projects/flutter-crashlytics-110c5/billingInfo","projectId":"flutter-crashlytics-110c5","billingAccountName":"","billingEnabled":false}
[debug] [2026-10-07T11:58:51.162Z] Object "" in "firebase.json" has unknown property: {"additionalProperty":"flutter"}
[debug] [2026-10-07T11:58:51.181Z] <<< [apiv2][status] GET https://cloudbilling.googleapis.com/v1/projects/flutter-crashlytics-110c5/billingInfo 200
[debug] [2026-10-07T11:58:51.181Z] <<< [apiv2][body] GET https://cloudbilling.googleapis.com/v1/projects/flutter-crashlytics-110c5/billingInfo {"name":"projects/flutter-crashlytics-110c5/billingInfo","projectId":"flutter-crashlytics-110c5","billingAccountName":"","billingEnabled":false}
[debug] [2026-10-07T11:58:51.182Z] Object "" in "firebase.json" has unknown property: {"additionalProperty":"flutter"}
[debug] [2026-10-07T11:58:51.850Z] <<< [apiv2][status] GET https://serviceusage.googleapis.com/v1/projects//services/firebaseappdistribution.googleapis.com 400
[debug] [2026-10-07T11:58:51.851Z] <<< [apiv2][body] GET https://serviceusage.googleapis.com/v1/projects//services/firebaseappdistribution.googleapis.com [omitted]
[debug] [2026-10-07T11:58:51.853Z] Object "" in "firebase.json" has unknown property: {"additionalProperty":"flutter"}
[debug] [2026-10-07T11:58:51.879Z] <<< [apiv2][status] GET https://serviceusage.googleapis.com/v1/projects//services/firebaseappdistribution.googleapis.com 400
[debug] [2026-10-07T11:58:51.880Z] <<< [apiv2][body] GET https://serviceusage.googleapis.com/v1/projects//services/firebaseappdistribution.googleapis.com [omitted]
[debug] [2026-10-07T11:58:51.882Z] Object "" in "firebase.json" has unknown property: {"additionalProperty":"flutter"}
[debug] [2026-10-07T11:58:51.951Z] Object "" in "firebase.json" has unknown property: {"additionalProperty":"flutter"}
[debug] [2026-10-07T11:58:51.952Z] Object "" in "firebase.json" has unknown property: {"additionalProperty":"flutter"}
[debug] [2026-10-07T11:58:51.954Z] > command requires scopes: ["email","openid","https://www.googleapis.com/auth/cloudplatformprojects.readonly","https://www.googleapis.com/auth/firebase","https://www.googleapis.com/auth/cloud-platform"]
[debug] [2026-10-07T11:58:51.954Z] > authorizing via signed-in user (ilkersevim2007@gmail.com)
[debug] [2026-10-07T11:58:51.954Z] Checked if tokens are valid: true, expires at: 1791377929861
[debug] [2026-10-07T11:58:51.954Z] Checked if tokens are valid: true, expires at: 1791377929861
[debug] [2026-10-07T11:58:51.954Z] >>> [apiv2][query] GET https://cloudbilling.googleapis.com/v1/projects/flutter-crashlytics-110c5/billingInfo [none]
[debug] [2026-10-07T11:58:51.980Z] Object "" in "firebase.json" has unknown property: {"additionalProperty":"flutter"}
[debug] [2026-10-07T11:58:51.980Z] Object "" in "firebase.json" has unknown property: {"additionalProperty":"flutter"}
[debug] [2026-10-07T11:58:51.982Z] > command requires scopes: ["email","openid","https://www.googleapis.com/auth/cloudplatformprojects.readonly","https://www.googleapis.com/auth/firebase","https://www.googleapis.com/auth/cloud-platform"]
[debug] [2026-10-07T11:58:51.982Z] > authorizing via signed-in user (ilkersevim2007@gmail.com)
[debug] [2026-10-07T11:58:51.982Z] Checked if tokens are valid: true, expires at: 1791377929872
[debug] [2026-10-07T11:58:51.982Z] Checked if tokens are valid: true, expires at: 1791377929872
[debug] [2026-10-07T11:58:51.982Z] >>> [apiv2][query] GET https://cloudbilling.googleapis.com/v1/projects/flutter-crashlytics-110c5/billingInfo [none]
[debug] [2026-10-07T11:58:52.261Z] <<< [apiv2][status] GET https://cloudbilling.googleapis.com/v1/projects/flutter-crashlytics-110c5/billingInfo 200
[debug] [2026-10-07T11:58:52.262Z] <<< [apiv2][body] GET https://cloudbilling.googleapis.com/v1/projects/flutter-crashlytics-110c5/billingInfo {"name":"projects/flutter-crashlytics-110c5/billingInfo","projectId":"flutter-crashlytics-110c5","billingAccountName":"","billingEnabled":false}
[debug] [2026-10-07T11:58:52.262Z] Object "" in "firebase.json" has unknown property: {"additionalProperty":"flutter"}
[debug] [2026-10-07T11:58:52.288Z] <<< [apiv2][status] GET https://cloudbilling.googleapis.com/v1/projects/flutter-crashlytics-110c5/billingInfo 200
[debug] [2026-10-07T11:58:52.288Z] <<< [apiv2][body] GET https://cloudbilling.googleapis.com/v1/projects/flutter-crashlytics-110c5/billingInfo {"name":"projects/flutter-crashlytics-110c5/billingInfo","projectId":"flutter-crashlytics-110c5","billingAccountName":"","billingEnabled":false}
[debug] [2026-10-07T11:58:52.289Z] Object "" in "firebase.json" has unknown property: {"additionalProperty":"flutter"}
[debug] [2026-10-07T11:58:55.506Z] Object "" in "firebase.json" has unknown property: {"additionalProperty":"flutter"}
[debug] [2026-10-07T11:58:55.506Z] Object "" in "firebase.json" has unknown property: {"additionalProperty":"flutter"}
[debug] [2026-10-07T11:58:55.508Z] > command requires scopes: ["email","openid","https://www.googleapis.com/auth/cloudplatformprojects.readonly","https://www.googleapis.com/auth/firebase","https://www.googleapis.com/auth/cloud-platform"]
[debug] [2026-10-07T11:58:55.509Z] > authorizing via signed-in user (ilkersevim2007@gmail.com)
[debug] [2026-10-07T11:58:55.510Z] > command requires scopes: ["email","openid","https://www.googleapis.com/auth/cloudplatformprojects.readonly","https://www.googleapis.com/auth/firebase","https://www.googleapis.com/auth/cloud-platform"]
[debug] [2026-10-07T11:58:55.510Z] > authorizing via signed-in user (ilkersevim2007@gmail.com)
